
> terrakoya-edu@0.1.0 build
> next build

node.exe : 笞 Warning: Next.js inferred your workspace root, but it may not be correct.
発生場所 行:1 文字:1
+ & "C:\Program Files\nodejs/node.exe" "C:\Program Files\nodejs/node_mo ...
+ ~~~~~~~~~~~~~~~~~~~~~~~~~~~~~~~~~~~~~~~~~~~~~~~~~~~~~~~~~~~~~~~~~~~~~
    + CategoryInfo          : NotSpecified: (笞 Warning: Nex...not be correct.:String) [], RemoteException
    + FullyQualifiedErrorId : NativeCommandError
 
 We detected multiple lockfiles and selected the directory of C:\Users\User\package-lock.json as the root directory.
 To silence this warning, set `turbopack.root` in your Next.js config, or consider removing one of the lockfiles if it's not needed.
   See https://nextjs.org/docs/app/api-reference/config/next-config-js/turbopack#root-directory for more information.
 Detected additional lockfiles: 
   * C:\Users\User\Desktop\terrakoya-edu\package-lock.json

笆ｲ Next.js 16.2.4 (Turbopack)
- Environments: .env.local

  Creating an optimized production build ...
笨・Compiled successfully in 18.9s
  Running TypeScript ...
Failed to type check.

./src/lib/firestore.ts:90:23
Type error: Property 'delete' does not exist on type 'DocumentReference<DocumentData, DocumentData>'.

  [90m88 |[0m
  [90m89 |[0m   [36mif[0m (favSnap.exists()) {
[31m[1m>[0m [90m90 |[0m     [36mawait[0m favSnap.ref.[36mdelete[0m();
  [90m   |[0m                       [31m[1m^[0m
  [90m91 |[0m     [36mreturn[0m [36mfalse[0m;
  [90m92 |[0m   } [36melse[0m {
  [90m93 |[0m     [36mawait[0m setDoc(favRef, {
Next.js build worker exited with code: 1 and signal: null
